nohup: ignoring input

> web@0.1.0 dev
> next dev

 ⚠ `eslint` configuration in next.config.js is no longer supported. See more info here: https://nextjs.org/docs/app/api-reference/cli/next#next-lint-options
 ⚠ Invalid next.config.js options detected: 
 ⚠     Unrecognized key(s) in object: 'eslint'
 ⚠ See more info here: https://nextjs.org/docs/messages/invalid-next-config
 ⚠ Warning: Next.js inferred your workspace root, but it may not be correct.
 We detected multiple lockfiles and selected the directory of /home/jeeva/Music/portfolio/jeeva-portfolio/package-lock.json as the root directory.
 To silence this warning, set `turbopack.root` in your Next.js config, or consider removing one of the lockfiles if it's not needed.
   See https://nextjs.org/docs/app/api-reference/config/next-config-js/turbopack#root-directory for more information.
 Detected additional lockfiles: 
   * /home/jeeva/Music/portfolio/jeeva-portfolio/apps/web/package-lock.json

   ▲ Next.js 16.0.5 (Turbopack)
   - Local:         http://localhost:3000
   - Network:       http://192.168.1.37:3000

 ✓ Starting...
[baseline-browser-mapping] The data in this module is over two months old.  To ensure accurate Baseline data, please update: `npm i baseline-browser-mapping@latest -D`
 ✓ Ready in 960ms
 ○ Compiling / ...
 GET / 200 in 4.5s (compile: 4.1s, render: 341ms)
 GET /projects/knitibot 200 in 1399ms (compile: 1268ms, render: 131ms)
 GET /projects/inquiro 200 in 74ms (compile: 31ms, render: 44ms)
 GET /projects/elysium-ai 200 in 83ms (compile: 33ms, render: 50ms)
 GET / 200 in 59ms (compile: 4ms, render: 55ms)
 GET / 200 in 98ms (compile: 12ms, render: 86ms)
 GET /projects/knitibot 200 in 110ms (compile: 38ms, render: 73ms)
 GET /projects/inquiro 200 in 82ms (compile: 30ms, render: 51ms)
 GET /projects/elysium-ai 200 in 117ms (compile: 35ms, render: 82ms)
