
Running 1 test using 1 worker

(node:322808) Warning: The 'NO_COLOR' env is ignored due to the 'FORCE_COLOR' env being set.
(Use `node --trace-warnings ...` to show where the warning was created)
(node:322808) Warning: The 'NO_COLOR' env is ignored due to the 'FORCE_COLOR' env being set.
(Use `node --trace-warnings ...` to show where the warning was created)
Console errors: [
  [32m'Failed to load resource: the server responded with a status of 500 (Internal Server Error)'[39m,
  [32m'Failed to load resource: the server responded with a status of 500 (Internal Server Error)'[39m,
  [32m'Failed to load resource: the server responded with a status of 500 (Internal Server Error)'[39m,
  [32m'Failed to load resource: the server responded with a status of 500 (Internal Server Error)'[39m,
  [32m'Failed to load resource: the server responded with a status of 500 (Internal Server Error)'[39m,
  [32m'Failed to load resource: the server responded with a status of 500 (Internal Server Error)'[39m,
  [32m'Failed to load resource: the server responded with a status of 500 (Internal Server Error)'[39m,
  [32m'Failed to load resource: the server responded with a status of 500 (Internal Server Error)'[39m,
  [32m'Failed to load resource: the server responded with a status of 500 (Internal Server Error)'[39m,
  [32m'Failed to load resource: the server responded with a status of 500 (Internal Server Error)'[39m
]
Page body text (first 500 chars): knitibot ArchitectureLoading Architecture...(self.__next_f=self.__next_f||[]).push([0])self.__next_f.push([1,"1:\"$Sreact.fragment\"\n2:I[10291,[\"/_next/static/chunks/603dadf22349f31d.js\",\"/_next/static/chunks/63958b6b50045e32.js\"],\"default\"]\n3:I[2968,[\"/_next/static/chunks/603dadf22349f31d.js\",\"/_next/static/chunks/63958b6b50045e32.js\"],\"default\"]\n5:I[82520,[\"/_next/static/chunks/603dadf22349f31d.js\",\"/_next/static/chunks/63958b6b50045e32.js\"],\"OutletBoundary\"]\n6:\"$Sreact.
  ✘  1 [chromium] › e2e/architecture.spec.ts:3:5 › homepage & projects load and architecture viewer toggles (4.2s)


  1) [chromium] › e2e/architecture.spec.ts:3:5 › homepage & projects load and architecture viewer toggles 

    Error: [2mexpect([22m[31mreceived[39m[2m).[22mtoBe[2m([22m[32mexpected[39m[2m) // Object.is equality[22m

    Expected: [32mtrue[39m
    Received: [31mfalse[39m

      38 |     }
      39 |     
    > 40 |     expect(systemLayersVisible).toBe(true);
         |                                 ^
      41 |     
      42 |     // Then wait for the test-id (client component should be hydrated by now)
      43 |     await page.waitForSelector('[data-testid="architecture-viewer"]', { timeout: 10000 });
        at /home/jeeva/Music/portfolio/jeeva-portfolio/apps/web/e2e/architecture.spec.ts:40:33

    Error Context: test-results/architecture-homepage-proj-b0a00-architecture-viewer-toggles-chromium/error-context.md

  1 failed
    [chromium] › e2e/architecture.spec.ts:3:5 › homepage & projects load and architecture viewer toggles 
